// Jest Snapshot v1, https://goo.gl/fbAQLP

exports[`App test should match snapshot 1`] = `
<div
  className="App"
>
  <h1>
    0
  </h1>
  <button
    onClick={[Function]}
  >
    +
  </button>
  <button
    onClick={[Function]}
  >
    -
  </button>
</div>
`;

exports[`App test should match snapshot on increment 1`] = `"<div class=\\"App\\"><h1>1</h1><button>+</button><button>-</button></div>"`;
